[www.una.edu/purchasing/university-print-shop.html]
[backblue.gif]
[fade.gif]
[index.html]
[www.una.edu/images/xfavicon.png.pagespeed.ic.G_yhM-VEyL.png]
[www.una.edu/images/shared.jpg]
[cdnjs.cloudflare.com/ajax/libs/twitter-bootstrap/3.3.5/css/bootstrap.min.css]
[cdnjs.cloudflare.com/ajax/libs/font-awesome/4.4.0/css/font-awesome.min.css]
[www.una.edu/css/A.lion-styles.css.pagespeed.cf.4wc8TQvdXs.css]
[www.una.edu/purchasing/index.html]
[www.una.edu/purchasing/procurement-policy.html]
[www.una.edu/purchasing/purchase-order-process.html]
[www.una.edu/purchasing/online-requisition-instructions.html]
[www.una.edu/purchasing/bid-process.html]
[www.una.edu/purchasing/UNA_PCARD_Policy_110414.pdf]
[www.una.edu/purchasing/staples-online.html]
[www.una.edu/purchasing/local-procurement.html]
[www.una.edu/purchasing/forms.html]
[www.una.edu/purchasing/docs/Price List - Effective 7-1-2017.pdf]
[www.una.edu/purchasing/docs/LETTERHEAD ORDER FORM.pdf]
[www.una.edu/purchasing/order-copy-paper.html]
[www.una.edu/purchasing/docs/Print Shop Order Form Fillable.pdf]
[www.una.edu/purchasing/docs/Supply Store Order Form.pdf]
[www.una.edu/about/images/xproximity-map.png.pagespeed.ic.f8oUc7s7pG.png]
[cdnjs.cloudflare.com/ajax/libs/jquery/2.1.4/jquery.min.js]
[cdnjs.cloudflare.com/ajax/libs/twitter-bootstrap/3.3.5/js/bootstrap.min.js]
[www.una.edu/js/offcanvas.js+nav.js.pagespeed.jc.-X33pZwrWe.js]
[www.una.edu/purchasing/university-print-shop.html]
[www.googletagmanager.com/gtm5445.html]
[cdnjs.cloudflare.com/ajax/libs/twitter-bootstrap/3.3.5/css/bootstrap.min.css]
[cdnjs.cloudflare.com/ajax/libs/font-awesome/4.4.0/css/font-awesome.min.css]
[www.una.edu/css/head.css]
[photos.smugmug.com/Colleges/Education-Human-Sciences/Elementary-Educatioin/Student-Teaching/i-LvhkNfp/0/495e2586/XL/Y47A0065-XL.jpg]
[www.una.edu/css/A.lion-styles.css.pagespeed.cf.4wc8TQvdXs.css]
[www.una.edu/global/images/xhome-admission.jpg.pagespeed.ic._XVBuFDQp-.jpg]
[www.una.edu/purchasing/bids.html]
[www.una.edu/purchasing/docs/PCARD Usage Form.xlsx]
[www.una.edu/purchasing/budget-codes.html]
[www.una.edu/purchasing/index.html]
[www.una.edu/purchasing/code-of-ethics.html]
[www.una.edu/purchasing/docs/UNA Procurement Policy.pdf]
[www.una.edu/purchasing/docs/University Entertainment Policy rev 3.21.2011.pdf]
[www.una.edu/purchasing/procurement-policy.html]
[www.una.edu/purchasing/purchase-order-process.html]
[www.una.edu/purchasing/docs/CREATE REQUISITIONS _CC quick steps.pdf]
[www.una.edu/purchasing/docs/Purchasing Requisition On Line.pdf]
[www.una.edu/purchasing/online-requisition-instructions.html]
[www.una.edu/purchasing/bid-process.html]
[www.una.edu/purchasing/staples-online.html]
[www.una.edu/purchasing/local-procurement.html]
[www.una.edu/purchasing/docs/Disclosure Form.pdf]
[www.una.edu/purchasing/docs/Intra-campus Requisition.pdf]
[www.una.edu/purchasing/docs/W-9 FORM.pdf]
[www.una.edu/purchasing/docs/Change_Order_Form2012.pdf]
[www.una.edu/purchasing/forms.html]
[cdnjs.cloudflare.com/ajax/libs/angular.js/1.4.3/angular.js]
[cdnjs.cloudflare.com/ajax/libs/angular.js/1.4.3/angular-route.js]
[cdnjs.cloudflare.com/ajax/libs/angular.js/1.4.3/angular-resource.js]
[cdnjs.cloudflare.com/ajax/libs/angular-ui-bootstrap/0.13.2/ui-bootstrap-tpls.min.js]
[cdnjs.cloudflare.com/ajax/libs/danialfarid-angular-file-upload/10.1.7/ng-file-upload.js]
[cdnjs.cloudflare.com/ajax/libs/angular-recaptcha/4.0.3/angular-recaptcha.min.js]
[www.una.edu/js/app.js+filters.js+controllers.js.pagespeed.jc.Af8gvVdrhD.js]
[www.una.edu/purchasing/order-copy-paper.html]
[www.una.edu/images/xuna-logo-main.png.pagespeed.ic.NzIllw-Ojp.png]
[www.una.edu/css/head.css]
[www.una.edu/purchasing/docs/INSTRUCTIONS TO BIDDERS.pdf]
[www.una.edu/purchasing/files/393.pdf]
[www.una.edu/purchasing/files/394.pdf]
[www.una.edu/purchasing/bids.html]
[www.una.edu/purchasing/budget-codes.html]
[www.una.edu/purchasing/code-of-ethics.html]
